07/30/2025 21:59:31 Task Ran
07/30/2025 22:00:06 Task Ran
07/30/2025 22:01:16 Task Ran
07/30/2025 22:01:17 Webhook Failed: The remote server returned an error: (404) Not Found.
07/30/2025 22:01:21 Task Ran
07/30/2025 22:01:22 Webhook Failed: The remote server returned an error: (404) Not Found.
07/30/2025 22:02:43 Task Ran
07/30/2025 22:02:43 Webhook Failed: The remote server returned an error: (404) Not Found.
07/30/2025 22:06:25 Task Ran
07/30/2025 22:06:25 Webhook Failed: Unauthorized.
07/30/2025 22:07:23 Task Ran
07/30/2025 22:07:23 Webhook Failed: There is no scenario listening for this webhook.
07/30/2025 22:12:20 Webhook Sent
07/31/2025 10:39:01 Webhook Sent
07/31/2025 20:00:03 Webhook Sent
